/home/yorkuy/code/twitch_gimbal/cmake/stm32cubemx/../../Drivers/CMSIS/Include/core_cm4.h:1938:34:void __NVIC_SystemReset()	4	static
/home/yorkuy/code/twitch_gimbal/RM2023_Lib_V1.2/RM_Lib.h:54:3:USER_CAN::USER_CAN(CAN_HandleTypeDef*, bool)	24	static
/home/yorkuy/code/twitch_gimbal/RM2023_Lib_V1.2/RM_Lib.h:314:3:RC::RC(UART_HandleTypeDef*, UART_HandleTypeDef*)	24	static
/home/yorkuy/code/twitch_gimbal/RM2023_Lib_V1.2/RM_Lib.h:346:5:YKStateTransitionDetector::YKStateTransitionDetector(uint16_t)	16	static
/home/yorkuy/code/twitch_gimbal/RM2023_Lib_V1.2/RM_Lib.h:350:21:TransitionState YKStateTransitionDetector::update(uint16_t)	24	static
/home/yorkuy/code/twitch_gimbal/RM2023_Lib_V1.2/RM_Lib.h:365:21:TransitionState YKStateTransitionDetector::getTransitionType(uint16_t, uint16_t)	16	static
/home/yorkuy/code/twitch_gimbal/RM2023_Lib_V1.2/RM_Lib.h:677:7:<unnamed struct>::<constructor>()	16	static
/home/yorkuy/code/twitch_gimbal/RM2023_Lib_V1.2/RM_Lib.h:856:3:BMI088::BMI088(SPI_HandleTypeDef*, TIM_HandleTypeDef*, GPIO_TypeDef*, uint16_t, GPIO_TypeDef*, uint16_t, uint16_t, float, BMI088_GyroRangeTypeDef, BMI088_AccRangeTypeDef)	32	static
/home/yorkuy/code/twitch_gimbal/RM2023_Lib_V1.2/RM_Lib.h:896:3:Vision_LPF::Vision_LPF(float, float, float)	24	static
/home/yorkuy/code/twitch_gimbal/RM2023_Lib_V1.2/RM_Lib.h:962:3:UpDown_check_class::UpDown_check_class(bool)	16	static
/home/yorkuy/code/twitch_gimbal/RM2023_Lib_V1.2/RM_Lib.h:963:22:UpDown_check_state UpDown_check_class::updata(bool)	16	static
/home/yorkuy/code/twitch_gimbal/Motor_Lib/DM.h:40:5:MOTOR_DM::MOTOR_DM(uint16_t, USER_CAN*)	24	static
/home/yorkuy/code/twitch_gimbal/Motor_Lib/RM.h:21:3:MOTOR_RM::MOTOR_RM(uint16_t, USER_CAN*)	24	static
/usr/include/newlib/c++/10.3.1/arm-none-eabi/thumb/v7e-m+fp/hard/bits/gthr-default.h:229:1:int __gthread_key_delete(__gthread_key_t)	16	static
/home/yorkuy/code/twitch_gimbal/App_Lib/app_gimbal.cpp:95:13:void MODE_DEAL()	4	static
/home/yorkuy/code/twitch_gimbal/App_Lib/app_gimbal.cpp:143:13:void can2_communicate_deal()	24	static
/home/yorkuy/code/twitch_gimbal/App_Lib/app_gimbal.cpp:189:13:void jianshu_deal()	24	static
/home/yorkuy/code/twitch_gimbal/App_Lib/app_gimbal.cpp:256:16:uint8_t start_deal()	8	static
/home/yorkuy/code/twitch_gimbal/App_Lib/app_gimbal.cpp:291:14:float ZM_Angle_Deal(float, float, float)	32	static
/home/yorkuy/code/twitch_gimbal/App_Lib/app_gimbal.cpp:307:6:void App_Gimbal_Init()	8	static
/home/yorkuy/code/twitch_gimbal/App_Lib/app_gimbal.cpp:313:6:void App_Gimbal_Loop()	8	static
/home/yorkuy/code/twitch_gimbal/App_Lib/app_gimbal.cpp:324:6:void App_Gimbal_TIM_PeriodElapsedCallback(TIM_HandleTypeDef*)	24	static
/home/yorkuy/code/twitch_gimbal/App_Lib/app_gimbal.cpp:407:6:void App_Gimbal_CAN1_RxFifo0Callback(CAN_HandleTypeDef*)	16	static
/home/yorkuy/code/twitch_gimbal/App_Lib/app_gimbal.cpp:420:6:void App_Gimbal_CAN2_RxFifo1Callback(CAN_HandleTypeDef*)	32	static
/home/yorkuy/code/twitch_gimbal/App_Lib/app_gimbal.cpp:451:6:void App_Gimbal_USART1_IRQHandler()	24	static
/home/yorkuy/code/twitch_gimbal/App_Lib/app_gimbal.cpp:473:6:void App_Gimbal_USART2_IRQHandler()	24	static
/home/yorkuy/code/twitch_gimbal/App_Lib/app_gimbal.cpp:511:1:void __static_initialization_and_destruction_0(int, int)	40	static
/home/yorkuy/code/twitch_gimbal/App_Lib/app_gimbal.cpp:511:1:cpp)	8	static
