/usr/include/newlib/c++/10.3.1/cmath:611:3:constexpr bool std::isnan(float)	16	static
/home/yorkuy/Code/twitch_gimbal/RM2023_Lib_V1.2/communication.h:226:20:void AssignBytes(volatile uint8_t*, const volatile uint8_t*, uint32_t, uint32_t)	32	static
/home/yorkuy/Code/twitch_gimbal/RM2023_Lib_V1.2/communication.h:235:20:void UnpackFloat(const volatile uint8_t*, uint32_t, volatile FloatBytes_t*)	24	static
/home/yorkuy/Code/twitch_gimbal/RM2023_Lib_V1.2/communication.h:241:20:void UnpackFloatSafe(const volatile uint8_t*, uint32_t, volatile FloatBytes_t*)	24	static
/home/yorkuy/Code/twitch_gimbal/RM2023_Lib_V1.2/communication.h:248:20:void UnpackFloatSafe_Zm(const volatile uint8_t*, uint32_t, volatile FloatBytes_t*, float)	24	static
/home/yorkuy/Code/twitch_gimbal/RM2023_Lib_V1.2/RM_Lib.h:677:7:<unnamed struct>::<constructor>()	16	static
/home/yorkuy/Code/twitch_gimbal/RM2023_Lib_V1.2/communication.c:22:10:uint16_t get_crc16(const uint8_t*, uint32_t)	24	static
/home/yorkuy/Code/twitch_gimbal/RM2023_Lib_V1.2/communication.c:37:6:bool check_crc16(const uint8_t*, uint32_t)	24	static
/home/yorkuy/Code/twitch_gimbal/RM2023_Lib_V1.2/communication.c:44:9:uint8_t cal_crc_table(uint8_t*, uint8_t)	24	static
/home/yorkuy/Code/twitch_gimbal/RM2023_Lib_V1.2/communication.c:58:6:void Mini_PC_Init()	8	static
/home/yorkuy/Code/twitch_gimbal/RM2023_Lib_V1.2/communication.c:64:9:void Mini_PC_SendData()	16	static
/home/yorkuy/Code/twitch_gimbal/RM2023_Lib_V1.2/communication.c:110:6:void GetReceive_SP(uint8_t*)	16	static
/home/yorkuy/Code/twitch_gimbal/RM2023_Lib_V1.2/communication.c:175:6:void Mini_PC_newSendData(float, float, uint8_t, uint8_t)	24	static
/home/yorkuy/Code/twitch_gimbal/RM2023_Lib_V1.2/communication.c:247:6:void getReceiveData(uint8_t*)	16	static
/home/yorkuy/Code/twitch_gimbal/RM2023_Lib_V1.2/communication.c:270:1:void __static_initialization_and_destruction_0(int, int)	16	static
/home/yorkuy/Code/twitch_gimbal/RM2023_Lib_V1.2/communication.c:270:1:c)	8	static
