/home/yorkuy/code/twitch_gimbal/RM2023_Lib_V1.2/CP_System.c:23:6:CP_System_Init	8	static
/home/yorkuy/code/twitch_gimbal/RM2023_Lib_V1.2/CP_System.c:29:6:CP_System_IRQHandler	32	static
/home/yorkuy/code/twitch_gimbal/RM2023_Lib_V1.2/CP_System.c:50:6:CP_System_DMACplt_DataDeal	16	static
/home/yorkuy/code/twitch_gimbal/RM2023_Lib_V1.2/CP_System.c:61:13:cycleCounterInit	8	static
/home/yorkuy/code/twitch_gimbal/RM2023_Lib_V1.2/CP_System.c:65:10:micros	16	static
/home/yorkuy/code/twitch_gimbal/RM2023_Lib_V1.2/CP_System.c:75:6:Judge_IF_DUM_Normal	16	static
/home/yorkuy/code/twitch_gimbal/RM2023_Lib_V1.2/CP_System.c:85:6:CP_Delete_Graphic	16	static
/home/yorkuy/code/twitch_gimbal/RM2023_Lib_V1.2/CP_System.c:114:6:CP_DrawOrDelete_One_Graphic	24	static
/home/yorkuy/code/twitch_gimbal/RM2023_Lib_V1.2/CP_System.c:177:6:CP_DrawOrDelete_Two_Graphic	40	static
/home/yorkuy/code/twitch_gimbal/RM2023_Lib_V1.2/CP_System.c:236:6:CP_DrawOrDelete_Five_Graphic	40	static
/home/yorkuy/code/twitch_gimbal/RM2023_Lib_V1.2/CP_System.c:295:6:CP_DrawOrDelete_Seven_Graphic	40	static
/home/yorkuy/code/twitch_gimbal/RM2023_Lib_V1.2/CP_System.c:354:6:CP_DrawOrDelete_One_Number	32	static
/home/yorkuy/code/twitch_gimbal/RM2023_Lib_V1.2/CP_System.c:412:6:CP_DrawOrDelete_Char	32	static
/home/yorkuy/code/twitch_gimbal/RM2023_Lib_V1.2/CP_System.c:476:6:CP_Robot_SendBytes	16	static
/home/yorkuy/code/twitch_gimbal/RM2023_Lib_V1.2/CP_System.c:503:6:CP_Robot_SendByte	16	static
/home/yorkuy/code/twitch_gimbal/RM2023_Lib_V1.2/CP_System.c:508:6:CP_Map	24	static
/home/yorkuy/code/twitch_gimbal/RM2023_Lib_V1.2/CP_System.c:529:17:CP_data_deal	32	static
/home/yorkuy/code/twitch_gimbal/RM2023_Lib_V1.2/CP_System.c:749:22:Get_CRC8_Check_Sum	24	static
/home/yorkuy/code/twitch_gimbal/RM2023_Lib_V1.2/CP_System.c:778:13:Append_CRC8_Check_Sum	24	static
/home/yorkuy/code/twitch_gimbal/RM2023_Lib_V1.2/CP_System.c:785:17:Get_CRC16_Check_Sum	24	static
/home/yorkuy/code/twitch_gimbal/RM2023_Lib_V1.2/CP_System.c:821:13:Append_CRC16_Check_Sum	24	static
