/home/yorkuy/.local/share/stm32cube/bundles/gnu-tools-for-stm32/14.3.1+st.2/arm-none-eabi/include/c++/14.3.1/bits/std_abs.h:75:3:constexpr float std::abs(float)	16	static
/home/yorkuy/.local/share/stm32cube/bundles/gnu-tools-for-stm32/14.3.1+st.2/arm-none-eabi/include/c++/14.3.1/cmath:112:3:constexpr float std::asin(float)	16	static
/home/yorkuy/.local/share/stm32cube/bundles/gnu-tools-for-stm32/14.3.1+st.2/arm-none-eabi/include/c++/14.3.1/cmath:150:3:constexpr float std::atan2(float, float)	16	static
/home/yorkuy/Code/RM_code/twitch_gimbal/RM2023_Lib_V1.2/RM_Lib.h:277:8:void RC::DT16_feed_watchdog()	16	static
/home/yorkuy/Code/RM_code/twitch_gimbal/RM2023_Lib_V1.2/RM_Lib.h:281:8:void RC::VT13_feed_watchdog()	16	static
/home/yorkuy/Code/RM_code/twitch_gimbal/RM2023_Lib_V1.2/RM_Lib.h:445:8:void ADXRS290::ADXRS290_SPI_ON()	16	static
/home/yorkuy/Code/RM_code/twitch_gimbal/RM2023_Lib_V1.2/RM_Lib.h:449:8:void ADXRS290::ADXRS290_SPI_OFF()	16	static
/home/yorkuy/Code/RM_code/twitch_gimbal/RM2023_Lib_V1.2/RM_Lib.h:515:8:void ADXRS453::SPI_ON()	16	static
/home/yorkuy/Code/RM_code/twitch_gimbal/RM2023_Lib_V1.2/RM_Lib.h:519:8:void ADXRS453::SPI_OFF()	16	static
/home/yorkuy/Code/RM_code/twitch_gimbal/RM2023_Lib_V1.2/RM_Lib.h:677:7:<unnamed struct>::<constructor>()	16	static
/home/yorkuy/Code/RM_code/twitch_gimbal/RM2023_Lib_V1.2/RM_Lib.h:872:8:void BMI088::BMI088_SPI_ON(GPIO_TypeDef*, uint16_t)	24	static
/home/yorkuy/Code/RM_code/twitch_gimbal/RM2023_Lib_V1.2/RM_Lib.h:876:8:void BMI088::BMI088_SPI_OFF(GPIO_TypeDef*, uint16_t)	24	static
/home/yorkuy/Code/RM_code/twitch_gimbal/RM2023_Lib_V1.2/RM_Lib.cpp:16:6:void USER_CAN::Init(uint16_t, uint16_t)	56	static
/home/yorkuy/Code/RM_code/twitch_gimbal/RM2023_Lib_V1.2/RM_Lib.cpp:51:19:HAL_StatusTypeDef USER_CAN::Send(uint16_t, uint8_t*)	24	static
/home/yorkuy/Code/RM_code/twitch_gimbal/RM2023_Lib_V1.2/RM_Lib.cpp:60:19:HAL_StatusTypeDef USER_CAN::Send_RM(uint16_t, int16_t, int16_t, int16_t, int16_t)	32	static
/home/yorkuy/Code/RM_code/twitch_gimbal/RM2023_Lib_V1.2/RM_Lib.cpp:74:19:HAL_StatusTypeDef USER_CAN::Send_DAMIAO(uint16_t, int16_t, int16_t, int16_t, int16_t)	32	static
/home/yorkuy/Code/RM_code/twitch_gimbal/RM2023_Lib_V1.2/RM_Lib.cpp:89:19:HAL_StatusTypeDef USER_CAN::Receive(CAN_HandleTypeDef*)	16	static
/home/yorkuy/Code/RM_code/twitch_gimbal/RM2023_Lib_V1.2/RM_Lib.cpp:96:1:MOTOR_DiPan::MOTOR_DiPan()	16	static
/home/yorkuy/Code/RM_code/twitch_gimbal/RM2023_Lib_V1.2/RM_Lib.cpp:104:6:void MOTOR_DiPan::ML_Data_Deal(float, float, float, int)	128	static
/home/yorkuy/Code/RM_code/twitch_gimbal/RM2023_Lib_V1.2/RM_Lib.cpp:173:1:MOTOR_QXL_DiPan::MOTOR_QXL_DiPan()	16	static
/home/yorkuy/Code/RM_code/twitch_gimbal/RM2023_Lib_V1.2/RM_Lib.cpp:181:7:float Q_MAX(float, float, float, float)	24	static
/home/yorkuy/Code/RM_code/twitch_gimbal/RM2023_Lib_V1.2/RM_Lib.cpp:189:6:void MOTOR_QXL_DiPan::QXL_Data_Deal(float, float, float, float, int)	120	static
/home/yorkuy/Code/RM_code/twitch_gimbal/RM2023_Lib_V1.2/RM_Lib.cpp:250:7:float RUDDER_DiPan::Get_Ch0_Ch1_Vector_Speed(int16_t, int16_t)	16	static
/home/yorkuy/Code/RM_code/twitch_gimbal/RM2023_Lib_V1.2/RM_Lib.cpp:259:7:float RUDDER_DiPan::Get_Max_Speed(int16_t, int16_t, int16_t)	32	static
/home/yorkuy/Code/RM_code/twitch_gimbal/RM2023_Lib_V1.2/RM_Lib.cpp:266:7:float RUDDER_DiPan::absf(float)	16	static
/home/yorkuy/Code/RM_code/twitch_gimbal/RM2023_Lib_V1.2/RM_Lib.cpp:271:7:float RUDDER_DiPan::Get_Max_float(float, float)	24	static
/home/yorkuy/Code/RM_code/twitch_gimbal/RM2023_Lib_V1.2/RM_Lib.cpp:277:9:int16_t RUDDER_DiPan::Get_Max_int16(int16_t, int16_t)	16	static
/home/yorkuy/Code/RM_code/twitch_gimbal/RM2023_Lib_V1.2/RM_Lib.cpp:284:6:void RUDDER_DiPan::Not_Xiaotuoluo_Jie_Suan(float, float, int16_t, int16_t)	40	static
/home/yorkuy/Code/RM_code/twitch_gimbal/RM2023_Lib_V1.2/RM_Lib.cpp:360:6:void RUDDER_DiPan::Xiaotuoluo_jie_Suan(uint16_t, int16_t, int16_t, int16_t, int16_t)	48	static
/home/yorkuy/Code/RM_code/twitch_gimbal/RM2023_Lib_V1.2/RM_Lib.cpp:371:6:void RC::DT16_watchdog_run()	16	static
/home/yorkuy/Code/RM_code/twitch_gimbal/RM2023_Lib_V1.2/RM_Lib.cpp:382:6:void RC::VT13_watchdog_run()	16	static
/home/yorkuy/Code/RM_code/twitch_gimbal/RM2023_Lib_V1.2/RM_Lib.cpp:393:6:void RC::DT16_Init()	16	static
/home/yorkuy/Code/RM_code/twitch_gimbal/RM2023_Lib_V1.2/RM_Lib.cpp:405:6:void RC::VT13_Init()	16	static
/home/yorkuy/Code/RM_code/twitch_gimbal/RM2023_Lib_V1.2/RM_Lib.cpp:417:6:void RC::DT16_RxCplt_IRQHandler()	24	static
/home/yorkuy/Code/RM_code/twitch_gimbal/RM2023_Lib_V1.2/RM_Lib.cpp:435:6:void RC::VT13_RxCplt_IRQHandler()	24	static
/home/yorkuy/Code/RM_code/twitch_gimbal/RM2023_Lib_V1.2/RM_Lib.cpp:454:19:HAL_StatusTypeDef RC::DT16_check_and_deal()	16	static
/home/yorkuy/Code/RM_code/twitch_gimbal/RM2023_Lib_V1.2/RM_Lib.cpp:466:19:HAL_StatusTypeDef RC::VT13_check_and_deal()	16	static
/home/yorkuy/Code/RM_code/twitch_gimbal/RM2023_Lib_V1.2/RM_Lib.cpp:482:6:void RC::DT16_set_zero()	24	static
/home/yorkuy/Code/RM_code/twitch_gimbal/RM2023_Lib_V1.2/RM_Lib.cpp:507:6:void RC::VT13_set_zero()	24	static
/home/yorkuy/Code/RM_code/twitch_gimbal/RM2023_Lib_V1.2/RM_Lib.cpp:533:6:void RC::DT16_data_deal()	16	static
/home/yorkuy/Code/RM_code/twitch_gimbal/RM2023_Lib_V1.2/RM_Lib.cpp:551:6:void RC::VT13_data_deal()	16	static
/home/yorkuy/Code/RM_code/twitch_gimbal/RM2023_Lib_V1.2/RM_Lib.cpp:581:6:void RC::can_receive_data_deal(uint8_t*)	16	static
/home/yorkuy/Code/RM_code/twitch_gimbal/RM2023_Lib_V1.2/RM_Lib.cpp:601:9:uint8_t RC::Pressed_Check(uint16_t)	16	static
/home/yorkuy/Code/RM_code/twitch_gimbal/RM2023_Lib_V1.2/RM_Lib.cpp:607:6:void RC::fill_data()	16	static
/home/yorkuy/Code/RM_code/twitch_gimbal/RM2023_Lib_V1.2/RM_Lib.cpp:647:7:float RC::SF(float, float*, float)	32	static
/home/yorkuy/Code/RM_code/twitch_gimbal/RM2023_Lib_V1.2/RM_Lib.cpp:678:6:bool RC::verify_crc16_check_sum(uint8_t*, uint16_t)	32	static
/home/yorkuy/Code/RM_code/twitch_gimbal/RM2023_Lib_V1.2/RM_Lib.cpp:691:10:uint16_t RC::get_crc16_check_sum(uint8_t*, uint16_t, uint16_t)	32	static
/home/yorkuy/Code/RM_code/twitch_gimbal/RM2023_Lib_V1.2/RM_Lib.cpp:713:24:ADXRS290_StatusTypeDef ADXRS290::adxrs290_writeByte(uint8_t, uint8_t)	24	static
/home/yorkuy/Code/RM_code/twitch_gimbal/RM2023_Lib_V1.2/RM_Lib.cpp:723:6:void ADXRS290::adxrs290_readBytes(uint8_t, uint8_t, uint8_t*)	32	static
/home/yorkuy/Code/RM_code/twitch_gimbal/RM2023_Lib_V1.2/RM_Lib.cpp:732:9:uint8_t ADXRS290::adxrs290_readByte(uint8_t)	24	static
/home/yorkuy/Code/RM_code/twitch_gimbal/RM2023_Lib_V1.2/RM_Lib.cpp:742:24:ADXRS290_StatusTypeDef ADXRS290::Init(uint8_t, uint8_t)	48	static
/home/yorkuy/Code/RM_code/twitch_gimbal/RM2023_Lib_V1.2/RM_Lib.cpp:767:6:void ADXRS290::adxrs290_update()	56	static
/home/yorkuy/Code/RM_code/twitch_gimbal/RM2023_Lib_V1.2/RM_Lib.cpp:814:24:ADXRS453_StatusTypeDef ADXRS453::Init()	24	static
/home/yorkuy/Code/RM_code/twitch_gimbal/RM2023_Lib_V1.2/RM_Lib.cpp:841:24:ADXRS453_StatusTypeDef ADXRS453::adxrs453_update()	24	static
/home/yorkuy/Code/RM_code/twitch_gimbal/RM2023_Lib_V1.2/RM_Lib.cpp:889:24:ADXRS453_StatusTypeDef ADXRS453::sensor(bool, int16_t*)	40	static
/home/yorkuy/Code/RM_code/twitch_gimbal/RM2023_Lib_V1.2/RM_Lib.cpp:919:24:ADXRS453_StatusTypeDef ADXRS453::addread(uint8_t, int16_t*)	40	static
/home/yorkuy/Code/RM_code/twitch_gimbal/RM2023_Lib_V1.2/RM_Lib.cpp:941:10:uint32_t ADXRS453::TransmitReceive(uint32_t)	32	static
/home/yorkuy/Code/RM_code/twitch_gimbal/RM2023_Lib_V1.2/RM_Lib.cpp:952:6:bool ADXRS453::odd_check(uint32_t)	24	static
/home/yorkuy/Code/RM_code/twitch_gimbal/RM2023_Lib_V1.2/RM_Lib.cpp:974:6:void BMI088::BMI088_writeByte(GPIO_TypeDef*, uint16_t, uint8_t, uint8_t)	32	static
/home/yorkuy/Code/RM_code/twitch_gimbal/RM2023_Lib_V1.2/RM_Lib.cpp:988:6:void BMI088::BMI088_readBytes(GPIO_TypeDef*, uint16_t, uint8_t, uint8_t, uint8_t*)	32	static
/home/yorkuy/Code/RM_code/twitch_gimbal/RM2023_Lib_V1.2/RM_Lib.cpp:997:6:void BMI088::BMI088_write_Acc(uint8_t, uint8_t)	24	static
/home/yorkuy/Code/RM_code/twitch_gimbal/RM2023_Lib_V1.2/RM_Lib.cpp:1001:6:void BMI088::BMI088_write_Gyro(uint8_t, uint8_t)	24	static
/home/yorkuy/Code/RM_code/twitch_gimbal/RM2023_Lib_V1.2/RM_Lib.cpp:1006:6:void BMI088::BMI088_read_Acc(uint8_t, uint8_t, uint8_t*)	112	static
/home/yorkuy/Code/RM_code/twitch_gimbal/RM2023_Lib_V1.2/RM_Lib.cpp:1014:6:void BMI088::BMI088_read_Gyro(uint8_t, uint8_t, uint8_t*)	32	static
/home/yorkuy/Code/RM_code/twitch_gimbal/RM2023_Lib_V1.2/RM_Lib.cpp:1019:6:void BMI088::set_zero()	16	static
/home/yorkuy/Code/RM_code/twitch_gimbal/RM2023_Lib_V1.2/RM_Lib.cpp:1024:7:float inVSqrt(float)	32	static
/home/yorkuy/Code/RM_code/twitch_gimbal/RM2023_Lib_V1.2/RM_Lib.cpp:1035:22:BMI088_StatusTypeDef BMI088::Init()	56	static
/home/yorkuy/Code/RM_code/twitch_gimbal/RM2023_Lib_V1.2/RM_Lib.cpp:1105:6:void BMI088::BMI088_update()	64	static
/home/yorkuy/Code/RM_code/twitch_gimbal/RM2023_Lib_V1.2/RM_Lib.cpp:1252:6:void BMI088::BMI088_New_update()	56	static
/home/yorkuy/Code/RM_code/twitch_gimbal/RM2023_Lib_V1.2/RM_Lib.cpp:1321:6:void BMI088::getValues()	24	static
/home/yorkuy/Code/RM_code/twitch_gimbal/RM2023_Lib_V1.2/RM_Lib.cpp:1464:6:void BMI088::BMI088_AHRS(float, float, float, float, float, float)	128	static
/home/yorkuy/Code/RM_code/twitch_gimbal/RM2023_Lib_V1.2/RM_Lib.cpp:1546:6:void BMI088::QuatToEulerAngles()	16	static
/home/yorkuy/Code/RM_code/twitch_gimbal/RM2023_Lib_V1.2/RM_Lib.cpp:1567:6:void BMI088::BMI_CrossRound_err()	16	static
/home/yorkuy/Code/RM_code/twitch_gimbal/RM2023_Lib_V1.2/RM_Lib.cpp:1585:6:void BMI088::Analyse_speed()	24	static
/home/yorkuy/Code/RM_code/twitch_gimbal/RM2023_Lib_V1.2/RM_Lib.cpp:1622:6:void BMI088::analyse()	16	static
/home/yorkuy/Code/RM_code/twitch_gimbal/RM2023_Lib_V1.2/RM_Lib.cpp:1635:7:void BMI088::selftext_error_reset()	16	static
/home/yorkuy/Code/RM_code/twitch_gimbal/RM2023_Lib_V1.2/RM_Lib.cpp:1676:6:void BMI088::low_pass_filter_init()	32	static
/home/yorkuy/Code/RM_code/twitch_gimbal/RM2023_Lib_V1.2/RM_Lib.cpp:1682:7:float BMI088::low_pass_filter(float)	16	static
/home/yorkuy/Code/RM_code/twitch_gimbal/RM2023_Lib_V1.2/RM_Lib.cpp:1702:6:void Vision_LPF::Vision_Low_Pass_Filter_Init()	24	static
/home/yorkuy/Code/RM_code/twitch_gimbal/RM2023_Lib_V1.2/RM_Lib.cpp:1708:7:float Vision_LPF::Vision_Low_Pass_Filter(float)	16	static
/home/yorkuy/Code/RM_code/twitch_gimbal/RM2023_Lib_V1.2/RM_Lib.cpp:1732:6:void MCL_snail::Init()	16	static
/home/yorkuy/Code/RM_code/twitch_gimbal/RM2023_Lib_V1.2/RM_Lib.cpp:1740:6:void MCL_snail::Init_XC_Calibration(uint8_t, uint8_t)	16	static
/home/yorkuy/Code/RM_code/twitch_gimbal/RM2023_Lib_V1.2/RM_Lib.cpp:1751:6:void MCL_snail::Init_Change_Steer(uint8_t, uint8_t)	16	static
/home/yorkuy/Code/RM_code/twitch_gimbal/RM2023_Lib_V1.2/RM_Lib.cpp:1763:6:void MCL_snail::stop()	16	static
/home/yorkuy/Code/RM_code/twitch_gimbal/RM2023_Lib_V1.2/RM_Lib.cpp:1771:6:void MCL_snail::run(uint8_t)	16	static
/home/yorkuy/Code/RM_code/twitch_gimbal/RM2023_Lib_V1.2/RM_Lib.cpp:1781:19:HAL_StatusTypeDef MCL_snail::shoot_state()	16	static
/home/yorkuy/Code/RM_code/twitch_gimbal/RM2023_Lib_V1.2/RM_Lib.cpp:1786:6:void MCL_snail::state_tick(TIM_HandleTypeDef*)	16	static
/home/yorkuy/Code/RM_code/twitch_gimbal/RM2023_Lib_V1.2/RM_Lib.cpp:1805:6:void MCL_snail::set_speed(uint8_t, uint8_t)	16	static
/home/yorkuy/Code/RM_code/twitch_gimbal/RM2023_Lib_V1.2/RM_Lib.cpp:1816:6:void RGB_UI::WS_Load()	16	static
/home/yorkuy/Code/RM_code/twitch_gimbal/RM2023_Lib_V1.2/RM_Lib.cpp:1823:6:void RGB_UI::WS_CloseAll()	24	static
/home/yorkuy/Code/RM_code/twitch_gimbal/RM2023_Lib_V1.2/RM_Lib.cpp:1833:6:void RGB_UI::RGB_UI_Init()	16	static
/home/yorkuy/Code/RM_code/twitch_gimbal/RM2023_Lib_V1.2/RM_Lib.cpp:1842:6:void RGB_UI::WS_WriteAll_RGB(uint8_t, uint8_t, uint8_t)	48	static
/home/yorkuy/Code/RM_code/twitch_gimbal/RM2023_Lib_V1.2/RM_Lib.cpp:1880:10:uint32_t RGB_UI::WS281x_Color(uint8_t, uint8_t, uint8_t)	16	static
/home/yorkuy/Code/RM_code/twitch_gimbal/RM2023_Lib_V1.2/RM_Lib.cpp:1885:6:void RGB_UI::WS281x_SetPixelColor(uint16_t, uint32_t)	32	static
/home/yorkuy/Code/RM_code/twitch_gimbal/RM2023_Lib_V1.2/RM_Lib.cpp:1895:6:void RGB_UI::WS281x_SetPixelRGB(uint16_t, uint8_t, uint8_t, uint8_t)	24	static
/home/yorkuy/.local/share/stm32cube/bundles/gnu-tools-for-stm32/14.3.1+st.2/arm-none-eabi/include/c++/14.3.1/cmath:1056:5:constexpr typename __gnu_cxx::__promote_2<_Tp, _Up>::__type std::atan2(_Tp, _Up) [with _Tp = int; _Up = int]	24	static
/home/yorkuy/Code/RM_code/twitch_gimbal/RM2023_Lib_V1.2/RM_Lib.cpp:1905:1:void __static_initialization_and_destruction_0()	8	static
/home/yorkuy/Code/RM_code/twitch_gimbal/RM2023_Lib_V1.2/RM_Lib.cpp:1905:1:cpp)	8	static
