/home/yorkuy/code/twitch_gimbal/RM2023_Lib_V1.2/RM_Lib.h:677:7:<unnamed struct>::<constructor>()	16	static
/home/yorkuy/code/twitch_gimbal/Core/Src/stm32f4xx_it.c:91:6:void NMI_Handler()	4	static
/home/yorkuy/code/twitch_gimbal/Core/Src/stm32f4xx_it.c:106:6:void HardFault_Handler()	4	static
/home/yorkuy/code/twitch_gimbal/Core/Src/stm32f4xx_it.c:121:6:void MemManage_Handler()	4	static
/home/yorkuy/code/twitch_gimbal/Core/Src/stm32f4xx_it.c:136:6:void BusFault_Handler()	4	static
/home/yorkuy/code/twitch_gimbal/Core/Src/stm32f4xx_it.c:151:6:void UsageFault_Handler()	4	static
/home/yorkuy/code/twitch_gimbal/Core/Src/stm32f4xx_it.c:166:6:void SVC_Handler()	4	static
/home/yorkuy/code/twitch_gimbal/Core/Src/stm32f4xx_it.c:179:6:void DebugMon_Handler()	4	static
/home/yorkuy/code/twitch_gimbal/Core/Src/stm32f4xx_it.c:192:6:void PendSV_Handler()	4	static
/home/yorkuy/code/twitch_gimbal/Core/Src/stm32f4xx_it.c:205:6:void SysTick_Handler()	8	static
/home/yorkuy/code/twitch_gimbal/Core/Src/stm32f4xx_it.c:226:6:void DMA1_Stream0_IRQHandler()	8	static
/home/yorkuy/code/twitch_gimbal/Core/Src/stm32f4xx_it.c:240:6:void DMA1_Stream1_IRQHandler()	8	static
/home/yorkuy/code/twitch_gimbal/Core/Src/stm32f4xx_it.c:254:6:void DMA1_Stream3_IRQHandler()	8	static
/home/yorkuy/code/twitch_gimbal/Core/Src/stm32f4xx_it.c:268:6:void DMA1_Stream5_IRQHandler()	8	static
/home/yorkuy/code/twitch_gimbal/Core/Src/stm32f4xx_it.c:282:6:void DMA1_Stream6_IRQHandler()	8	static
/home/yorkuy/code/twitch_gimbal/Core/Src/stm32f4xx_it.c:296:6:void CAN1_RX0_IRQHandler()	8	static
/home/yorkuy/code/twitch_gimbal/Core/Src/stm32f4xx_it.c:310:6:void TIM1_UP_TIM10_IRQHandler()	8	static
/home/yorkuy/code/twitch_gimbal/Core/Src/stm32f4xx_it.c:324:6:void TIM2_IRQHandler()	8	static
/home/yorkuy/code/twitch_gimbal/Core/Src/stm32f4xx_it.c:338:6:void USART1_IRQHandler()	8	static
/home/yorkuy/code/twitch_gimbal/Core/Src/stm32f4xx_it.c:353:6:void USART2_IRQHandler()	8	static
/home/yorkuy/code/twitch_gimbal/Core/Src/stm32f4xx_it.c:368:6:void USART3_IRQHandler()	8	static
/home/yorkuy/code/twitch_gimbal/Core/Src/stm32f4xx_it.c:382:6:void TIM8_BRK_TIM12_IRQHandler()	8	static
/home/yorkuy/code/twitch_gimbal/Core/Src/stm32f4xx_it.c:396:6:void TIM8_UP_TIM13_IRQHandler()	8	static
/home/yorkuy/code/twitch_gimbal/Core/Src/stm32f4xx_it.c:410:6:void DMA1_Stream7_IRQHandler()	8	static
/home/yorkuy/code/twitch_gimbal/Core/Src/stm32f4xx_it.c:424:6:void TIM5_IRQHandler()	8	static
/home/yorkuy/code/twitch_gimbal/Core/Src/stm32f4xx_it.c:438:6:void UART5_IRQHandler()	8	static
/home/yorkuy/code/twitch_gimbal/Core/Src/stm32f4xx_it.c:452:6:void TIM6_DAC_IRQHandler()	8	static
/home/yorkuy/code/twitch_gimbal/Core/Src/stm32f4xx_it.c:466:6:void TIM7_IRQHandler()	8	static
/home/yorkuy/code/twitch_gimbal/Core/Src/stm32f4xx_it.c:480:6:void DMA2_Stream1_IRQHandler()	8	static
/home/yorkuy/code/twitch_gimbal/Core/Src/stm32f4xx_it.c:494:6:void DMA2_Stream2_IRQHandler()	8	static
/home/yorkuy/code/twitch_gimbal/Core/Src/stm32f4xx_it.c:508:6:void CAN2_RX1_IRQHandler()	8	static
/home/yorkuy/code/twitch_gimbal/Core/Src/stm32f4xx_it.c:522:6:void USART6_IRQHandler()	8	static
/home/yorkuy/code/twitch_gimbal/Core/Src/stm32f4xx_it.c:531:1:void __static_initialization_and_destruction_0(int, int)	16	static
/home/yorkuy/code/twitch_gimbal/Core/Src/stm32f4xx_it.c:531:1:c)	8	static
