/home/yorkuy/Code/twitch_gimbal/RM2023_Lib_V1.2/RM_Lib.h:677:7:<unnamed struct>::<constructor>()	16	static
/home/yorkuy/Code/twitch_gimbal/Motor_Lib/DM.cpp:4:19:HAL_StatusTypeDef MOTOR_DM::DM_Start(uint16_t)	24	static
/home/yorkuy/Code/twitch_gimbal/Motor_Lib/DM.cpp:23:19:HAL_StatusTypeDef MOTOR_DM::DM_End(uint16_t)	24	static
/home/yorkuy/Code/twitch_gimbal/Motor_Lib/DM.cpp:41:19:HAL_StatusTypeDef MOTOR_DM::DM_Savezero(uint16_t)	24	static
/home/yorkuy/Code/twitch_gimbal/Motor_Lib/DM.cpp:60:5:int float_to_uint(float, float, float, int)	32	static
/home/yorkuy/Code/twitch_gimbal/Motor_Lib/DM.cpp:72:7:float uint_to_float(int, float, float, int)	32	static
/home/yorkuy/Code/twitch_gimbal/Motor_Lib/DM.cpp:90:19:HAL_StatusTypeDef MOTOR_DM::DM_MIT(uint16_t, float, float, float, float, float)	64	static
/home/yorkuy/Code/twitch_gimbal/Motor_Lib/DM.cpp:122:19:HAL_StatusTypeDef MOTOR_DM::DM_POS(uint16_t, float, float)	40	static
/home/yorkuy/Code/twitch_gimbal/Motor_Lib/DM.cpp:152:19:HAL_StatusTypeDef MOTOR_DM::DM_VEL(uint16_t, float)	32	static
/home/yorkuy/Code/twitch_gimbal/Motor_Lib/DM.cpp:170:6:void MOTOR_DM::update_4PI_mang_inf_basic_zeromang()	16	static
/home/yorkuy/Code/twitch_gimbal/Motor_Lib/DM.cpp:191:19:HAL_StatusTypeDef MOTOR_DM::DM_update()	16	static
/home/yorkuy/Code/twitch_gimbal/Motor_Lib/DM.cpp:208:1:void __static_initialization_and_destruction_0(int, int)	16	static
/home/yorkuy/Code/twitch_gimbal/Motor_Lib/DM.cpp:208:1:cpp)	8	static
