/home/yorkuy/Code/twitch_gimbal/RM2023_Lib_V1.2/RM_Lib.h:677:7:<unnamed struct>::<constructor>()	16	static
/home/yorkuy/Code/twitch_gimbal/Control/Pitch.h:17:5:PITCH::PITCH()	16	static
/home/yorkuy/Code/twitch_gimbal/Math_Lib/PID.h:32:3:PID_class::PID_class(float, float, float, float, float, float, float, float, float)	48	static
/usr/include/newlib/c++/10.3.1/arm-none-eabi/thumb/v7e-m+fp/hard/bits/gthr-default.h:229:1:int __gthread_key_delete(__gthread_key_t)	16	static
/home/yorkuy/Code/twitch_gimbal/Math_Lib/SMC.h:274:2:SMC::SMC(float, float, float, float, float, float, float, float)	48	static
/home/yorkuy/Code/twitch_gimbal/Math_Lib/SMC.h:336:5:SMC_PITCH::SMC_PITCH(float, float, float, float, float, float, float)	40	static
/home/yorkuy/Code/twitch_gimbal/Control/Pitch.cpp:28:7:float gm6020to_torq_pitch(float)	24	static
/home/yorkuy/Code/twitch_gimbal/Control/Pitch.cpp:34:21:float GetPitchUpGravityComp(float, float)	32	static
/home/yorkuy/Code/twitch_gimbal/Control/Pitch.cpp:57:18:static f (PITCH::* PITCH::stateFuncOf(PITCH::State))(u8)	24	static
/home/yorkuy/Code/twitch_gimbal/Control/Pitch.cpp:67:6:void PITCH::switchState(PITCH::State)	32	static
/home/yorkuy/Code/twitch_gimbal/Control/Pitch.cpp:77:3:f PITCH::runCurrentState(u8)	16	static
/home/yorkuy/Code/twitch_gimbal/Control/Pitch.cpp:87:3:f PITCH::stateNORMAL(u8)	16	static
/home/yorkuy/Code/twitch_gimbal/Control/Pitch.cpp:105:3:f PITCH::stateAUTO_ZM(u8)	16	static
/home/yorkuy/Code/twitch_gimbal/Control/Pitch.cpp:116:3:f PITCH::stateZERO(u8)	16	static
/home/yorkuy/Code/twitch_gimbal/Control/Pitch.cpp:125:3:f PITCH::Pitch_Out_Interface(u8)	24	static
/home/yorkuy/Code/twitch_gimbal/Control/Pitch.cpp:157:6:void PITCH::set_Pitch_Target(f)	16	static
/home/yorkuy/Code/twitch_gimbal/Control/Pitch.cpp:161:6:void PITCH::set_SMCref(f)	16	static
/home/yorkuy/Code/twitch_gimbal/Control/Pitch.cpp:165:1:void __static_initialization_and_destruction_0(int, int)	16	static
/home/yorkuy/Code/twitch_gimbal/Control/Pitch.cpp:165:1:cpp)	8	static
