/usr/include/newlib/c++/10.3.1/bits/std_abs.h:56:3:long int std::abs(long int)	16	static
/usr/include/newlib/c++/10.3.1/bits/std_abs.h:75:3:constexpr float std::abs(float)	16	static
/home/yorkuy/code/twitch_gimbal/RM2023_Lib_V1.2/RM_Lib.h:677:7:<unnamed struct>::<constructor>()	16	static
/home/yorkuy/code/twitch_gimbal/RM2023_Lib_V1.2/RM_Lib.h:962:3:UpDown_check_class::UpDown_check_class(bool)	16	static
/home/yorkuy/code/twitch_gimbal/RM2023_Lib_V1.2/RM_Lib.h:963:22:UpDown_check_state UpDown_check_class::updata(bool)	16	static
/home/yorkuy/code/twitch_gimbal/Control/Shoot.h:36:9:MCL::MCL()	16	static
/home/yorkuy/code/twitch_gimbal/Control/Shoot.h:73:13:BP::Energy::Energy()	16	static
/home/yorkuy/code/twitch_gimbal/Control/Shoot.h:121:9:BP::BP()	16	static
/home/yorkuy/code/twitch_gimbal/Math_Lib/PID.h:32:3:PID_class::PID_class(float, float, float, float, float, float, float, float, float)	48	static
/home/yorkuy/code/twitch_gimbal/Control/Shoot.cpp:25:14:float ramp_towards(float, float, float)	32	static
/home/yorkuy/code/twitch_gimbal/Control/Shoot.cpp:35:6:void slope(float*, float, float)	32	static
/home/yorkuy/code/twitch_gimbal/Control/Shoot.cpp:53:6:void MCL::MCL_while_layer(u8)	24	static
/home/yorkuy/code/twitch_gimbal/Control/Shoot.cpp:89:4:f* MCL::MCL_deal(u8)	64	static
/home/yorkuy/code/twitch_gimbal/Control/Shoot.cpp:149:22:f (BP::* stateFuncOf(BP::FsmState))()	24	static
/home/yorkuy/code/twitch_gimbal/Control/Shoot.cpp:159:6:void BP::switchState(BP::FsmState)	32	static
/home/yorkuy/code/twitch_gimbal/Control/Shoot.cpp:169:10:f runCurrentState(BP*)	16	static
/home/yorkuy/code/twitch_gimbal/Control/Shoot.cpp:179:3:f BP::stateZERO()	16	static
/home/yorkuy/code/twitch_gimbal/Control/Shoot.cpp:186:3:f BP::stateOneShot()	16	static
/home/yorkuy/code/twitch_gimbal/Control/Shoot.cpp:195:3:f BP::stateContinuous()	16	static
/home/yorkuy/code/twitch_gimbal/Control/Shoot.cpp:204:3:f BP::BP_Out_Interface(u8, u8)	32	static
/home/yorkuy/code/twitch_gimbal/Control/Shoot.cpp:335:6:void BP::Start_Recovery(double, double, u8)	32	static
/home/yorkuy/code/twitch_gimbal/Control/Shoot.cpp:347:6:void BP::Stop_Recovery(double)	24	static
/home/yorkuy/code/twitch_gimbal/Control/Shoot.cpp:360:6:void BP::BP_while_layer()	16	static
/home/yorkuy/code/twitch_gimbal/Control/Shoot.cpp:385:6:void BP::BP_Energy()	16	static
/home/yorkuy/code/twitch_gimbal/Control/Shoot.cpp:405:6:void BP::BP_time_out()	32	static
/home/yorkuy/code/twitch_gimbal/Control/Shoot.cpp:451:3:f BP::BP_deal(u8, u8)	16	static
/home/yorkuy/code/twitch_gimbal/Control/Shoot.cpp:454:1:void __static_initialization_and_destruction_0(int, int)	24	static
/home/yorkuy/code/twitch_gimbal/Control/Shoot.cpp:454:1:cpp)	8	static
