/home/yorkuy/code/twitch_gimbal/RM2023_Lib_V1.2/RM_Lib.h:677:7:<unnamed struct>::<constructor>()	16	static
/home/yorkuy/code/twitch_gimbal/RM2023_Lib_V1.2/RM_Lib.h:962:3:UpDown_check_class::UpDown_check_class(bool)	16	static
/home/yorkuy/code/twitch_gimbal/RM2023_Lib_V1.2/RM_Lib.h:963:22:UpDown_check_state UpDown_check_class::updata(bool)	16	static
/home/yorkuy/code/twitch_gimbal/Control/Yaw.h:41:5:YAW::YAW()	16	static
/usr/include/newlib/c++/10.3.1/arm-none-eabi/thumb/v7e-m+fp/hard/bits/gthr-default.h:229:1:int __gthread_key_delete(__gthread_key_t)	16	static
/home/yorkuy/code/twitch_gimbal/Math_Lib/SMC.h:274:2:SMC::SMC(float, float, float, float, float, float, float, float)	48	static
/home/yorkuy/code/twitch_gimbal/Math_Lib/PID.h:32:3:PID_class::PID_class(float, float, float, float, float, float, float, float, float)	48	static
/home/yorkuy/code/twitch_gimbal/Control/Yaw.cpp:32:7:float gm6020to_torq(float)	24	static
/home/yorkuy/code/twitch_gimbal/Control/Yaw.cpp:39:6:void YAW::yaw_mode_deal(u8, u8, u8)	16	static
/home/yorkuy/code/twitch_gimbal/Control/Yaw.cpp:61:6:void YAW::set_SMCref(f)	16	static
/home/yorkuy/code/twitch_gimbal/Control/Yaw.cpp:67:6:void YAW::set_Yaw_Angle(f)	16	static
/home/yorkuy/code/twitch_gimbal/Control/Yaw.cpp:72:6:void YAW::set_ChassisSpinState(f, bool, f, f)	32	static
/home/yorkuy/code/twitch_gimbal/Control/Yaw.cpp:105:3:f YAW::chassisSpinFeedforward()	40	static
/home/yorkuy/code/twitch_gimbal/Control/Yaw.cpp:147:16:static f (YAW::* YAW::stateFuncOf(YAW::State))(u8)	24	static
/home/yorkuy/code/twitch_gimbal/Control/Yaw.cpp:157:6:void YAW::switchState(YAW::State)	32	static
/home/yorkuy/code/twitch_gimbal/Control/Yaw.cpp:167:3:f YAW::runCurrentState(u8)	16	static
/home/yorkuy/code/twitch_gimbal/Control/Yaw.cpp:176:7:float YAW::stateNORMAL(u8)	24	static
/home/yorkuy/code/twitch_gimbal/Control/Yaw.cpp:200:7:float YAW::stateAUTO_ZM(u8)	16	static
/home/yorkuy/code/twitch_gimbal/Control/Yaw.cpp:209:7:float YAW::stateBACKING(u8)	16	static
/home/yorkuy/code/twitch_gimbal/Control/Yaw.cpp:225:7:float YAW::stateZERO(u8)	16	static
/home/yorkuy/code/twitch_gimbal/Control/Yaw.cpp:235:7:float YAW::Yaw_Out_Interface(u8)	24	static
/home/yorkuy/code/twitch_gimbal/Control/Yaw.cpp:281:1:void __static_initialization_and_destruction_0(int, int)	16	static
/home/yorkuy/code/twitch_gimbal/Control/Yaw.cpp:281:1:cpp)	8	static
