/home/yorkuy/.local/share/stm32cube/bundles/gnu-tools-for-stm32/14.3.1+st.2/arm-none-eabi/include/c++/14.3.1/cmath:238:3:constexpr float std::fabs(float)	16	static
/home/yorkuy/Code/RM_code/twitch_gimbal/RM2023_Lib_V1.2/RM_Lib.h:677:7:<unnamed struct>::<constructor>()	16	static
/home/yorkuy/Code/RM_code/twitch_gimbal/Math_Lib/PID.cpp:3:6:bool PID_class::Get_6020mang_need_turn_direction_is(uint16_t, uint16_t)	16	static
/home/yorkuy/Code/RM_code/twitch_gimbal/Math_Lib/PID.cpp:7:6:void PID_class::PID_update_for_6020mang(int16_t, uint16_t, wheel_dir_and_weight*)	40	static
/home/yorkuy/Code/RM_code/twitch_gimbal/Math_Lib/PID.cpp:63:6:void PID_class::PID_new_update(float, float)	24	static
/home/yorkuy/Code/RM_code/twitch_gimbal/Math_Lib/PID.cpp:94:6:void PID_class::PID_update(float, float)	32	static
/home/yorkuy/Code/RM_code/twitch_gimbal/Math_Lib/PID.cpp:115:6:void PID_class::PID_Inc_update(float, float)	32	static
/home/yorkuy/Code/RM_code/twitch_gimbal/Math_Lib/PID.cpp:139:6:void PID_class::PID_update_LP(float, float, float)	32	static
/home/yorkuy/Code/RM_code/twitch_gimbal/Math_Lib/PID.cpp:168:7:float PID_class::low_pass_filter(float, float)	32	static
/home/yorkuy/Code/RM_code/twitch_gimbal/Math_Lib/PID.cpp:185:6:void PID_Fuzzy_class::fuzzy(float, float)	64	static
/home/yorkuy/Code/RM_code/twitch_gimbal/Math_Lib/PID.cpp:305:6:void PID_Fuzzy_class::FuzzyPID_update(float, float)	40	static
/home/yorkuy/Code/RM_code/twitch_gimbal/Math_Lib/PID.cpp:330:1:void __static_initialization_and_destruction_0()	8	static
/home/yorkuy/Code/RM_code/twitch_gimbal/Math_Lib/PID.cpp:330:1:cpp)	8	static
